[eorrangeshop.com/html/listingGeo/home-two.html]
[backblue.gif]
[fade.gif]
[index.html]
[eorrangeshop.com/html/listingGeo/assets/css/themify-icons.css]
[eorrangeshop.com/html/listingGeo/assets/css/simple-line-icons.css]
[eorrangeshop.com/html/listingGeo/assets/css/bootstrap.min.css]
[eorrangeshop.com/html/listingGeo/assets/css/font-awesome.min.css]
[eorrangeshop.com/html/listingGeo/assets/css/jquery-ui.min.css]
[eorrangeshop.com/html/listingGeo/assets/css/magnific-popup.css]
[eorrangeshop.com/html/listingGeo/assets/css/jquery.bxslider.css]
[eorrangeshop.com/html/listingGeo/css/responsive.css]
[eorrangeshop.com/html/listingGeo/login.html]
[eorrangeshop.com/html/listingGeo/home-one.html]
[eorrangeshop.com/html/listingGeo/css/style.css]
[eorrangeshop.com/html/listingGeo/add-listing.html]
[eorrangeshop.com/html/listingGeo/images/logo.png]
[eorrangeshop.com/html/listingGeo/listing-map-left.html]
[eorrangeshop.com/html/listingGeo/single-listing.html]
[eorrangeshop.com/html/listingGeo/listing-map-full.html]
[eorrangeshop.com/html/listingGeo/favorite-listing.html]
[eorrangeshop.com/html/listingGeo/single.html]
[eorrangeshop.com/html/listingGeo/listing-map-right.html]
[eorrangeshop.com/html/listingGeo/about.html]
[eorrangeshop.com/html/listingGeo/packages.html]
[eorrangeshop.com/html/listingGeo/working-process.html]
[eorrangeshop.com/html/listingGeo/gallery.html]
[eorrangeshop.com/html/listingGeo/contact.html]
[eorrangeshop.com/html/listingGeo/dshboard.html]
[eorrangeshop.com/html/listingGeo/dashboard.html]
[eorrangeshop.com/html/listingGeo/dashboard-all-listing.html]
[eorrangeshop.com/html/listingGeo/dashboard-new-listing.html]
[eorrangeshop.com/html/listingGeo/dashboard-active-listing.html]
[eorrangeshop.com/html/listingGeo/dashboard-expired-listing.html]
[eorrangeshop.com/html/listingGeo/dashboard-favorites-listing.html]
[eorrangeshop.com/html/listingGeo/dashboard-all-review.html]
[eorrangeshop.com/html/listingGeo/404.html]
[eorrangeshop.com/html/listingGeo/dashboard-my-review.html]
[eorrangeshop.com/html/listingGeo/dashboard-all-message.html]
[eorrangeshop.com/html/listingGeo/dashboard-unread-message.html]
[eorrangeshop.com/html/listingGeo/dashboard-checkout.html]
[eorrangeshop.com/html/listingGeo/dashboard-package-plan.html]
[eorrangeshop.com/html/listingGeo/dashboard-invoices.html]
[eorrangeshop.com/html/listingGeo/dashboard-add-campaign.html]
[eorrangeshop.com/html/listingGeo/dashboard-claim-refund.html]
[eorrangeshop.com/html/listingGeo/dashboard-settings.html]
[eorrangeshop.com/html/listingGeo/dashboard-profile.html]
[eorrangeshop.com/html/listingGeo/images/catagory/1.jpg]
[eorrangeshop.com/html/listingGeo/images/catagory/2.jpg]
[eorrangeshop.com/html/listingGeo/images/catagory/3.jpg]
[eorrangeshop.com/html/listingGeo/images/catagory/4.jpg]
[eorrangeshop.com/html/listingGeo/images/catagory/5.jpg]
[eorrangeshop.com/html/listingGeo/images/cities/1.jpg]
[eorrangeshop.com/html/listingGeo/images/cities/2.jpg]
[eorrangeshop.com/html/listingGeo/images/cities/3.jpg]
[eorrangeshop.com/html/listingGeo/images/cities/4.jpg]
[eorrangeshop.com/html/listingGeo/images/cities/5.jpg]
[eorrangeshop.com/html/listingGeo/images/cities/6.jpg]
[eorrangeshop.com/html/listingGeo/images/post/9.jpg]
[eorrangeshop.com/html/listingGeo/images/post/author/1.jpg]
[eorrangeshop.com/html/listingGeo/images/post/10.jpg]
[eorrangeshop.com/html/listingGeo/images/post/author/2.jpg]
[eorrangeshop.com/html/listingGeo/images/post/11.jpg]
[eorrangeshop.com/html/listingGeo/images/post/author/3.jpg]
[eorrangeshop.com/html/listingGeo/images/post/4.jpg]
[eorrangeshop.com/html/listingGeo/images/post/5.jpg]
[eorrangeshop.com/html/listingGeo/images/post/6.jpg]
[eorrangeshop.com/html/listingGeo/images/post/14.jpg]
[eorrangeshop.com/html/listingGeo/images/post/7.jpg]
[eorrangeshop.com/html/listingGeo/assets/js/tether.min.js]
[eorrangeshop.com/html/listingGeo/assets/js/jquery-3.2.1.min.js]
[eorrangeshop.com/html/listingGeo/assets/js/bootstrap.min.js]
[eorrangeshop.com/html/listingGeo/assets/js/jquery.bxslider.js]
[eorrangeshop.com/html/listingGeo/assets/js/jquery.ajaxchimp.min.js]
[eorrangeshop.com/html/listingGeo/assets/js/jquery.magnific-popup.min.js]
[eorrangeshop.com/html/listingGeo/assets/js/jquery.waypoints.min.js]
[eorrangeshop.com/html/listingGeo/assets/js/jquery.counterup.min.js]
[eorrangeshop.com/html/listingGeo/assets/js/lobipanel.min.js]
[eorrangeshop.com/html/listingGeo/assets/js/jquery-ui.min.js]
[eorrangeshop.com/html/listingGeo/assets/js/jquery.accordion.js]
[eorrangeshop.com/html/listingGeo/assets/js/jquery.slimscroll.min.js]
[eorrangeshop.com/html/listingGeo/home-two.html]
[eorrangeshop.com/html/listingGeo/js/custom.js]
[eorrangeshop.com/html/listingGeo/assets/css/bootstrap.min.css]
[eorrangeshop.com/html/listingGeo/assets/fonts/themify9f24.eot]
[eorrangeshop.com/html/listingGeo/assets/fonts/themifyd41d.eot]
[eorrangeshop.com/html/listingGeo/assets/js/tinymce/tinymce.min.js]
[eorrangeshop.com/html/listingGeo/assets/fonts/themify9f24.woff]
[eorrangeshop.com/html/listingGeo/assets/fonts/themify9f24.ttf]
[eorrangeshop.com/html/listingGeo/assets/css/themify-icons.css]
[eorrangeshop.com/html/listingGeo/assets/fonts/themify9f24.svg]
[eorrangeshop.com/html/listingGeo/assets/fonts/Simple-Line-Iconsb26c.eot]
[eorrangeshop.com/html/listingGeo/assets/fonts/Simple-Line-Iconsb26c.ttf]
[eorrangeshop.com/html/listingGeo/assets/fonts/Simple-Line-Iconsb26c.woff2]
[eorrangeshop.com/html/listingGeo/assets/fonts/Simple-Line-Iconsb26c.woff]
[eorrangeshop.com/html/listingGeo/assets/fonts/Simple-Line-Iconsb26c.svg]
[eorrangeshop.com/html/listingGeo/assets/css/simple-line-icons.css]
[eorrangeshop.com/html/listingGeo/assets/fonts/fontawesome-webfont93e3.eot]
[eorrangeshop.com/html/listingGeo/assets/fonts/fontawesome-webfontd41d.eot]
[eorrangeshop.com/html/listingGeo/assets/fonts/fontawesome-webfont93e3.woff]
[eorrangeshop.com/html/listingGeo/assets/fonts/fontawesome-webfont93e3.woff2]
[eorrangeshop.com/html/listingGeo/assets/fonts/fontawesome-webfont93e3.ttf]
[eorrangeshop.com/html/listingGeo/assets/fonts/fontawesome-webfont93e3.svg]
[eorrangeshop.com/html/listingGeo/assets/css/font-awesome.min.css]
[eorrangeshop.com/html/listingGeo/assets/css/images/ui-icons_444444_256x240.png]
[eorrangeshop.com/html/listingGeo/assets/css/images/ui-icons_555555_256x240.png]
[eorrangeshop.com/html/listingGeo/assets/css/images/ui-icons_ffffff_256x240.png]
[eorrangeshop.com/html/listingGeo/assets/css/images/ui-icons_777620_256x240.png]
[eorrangeshop.com/html/listingGeo/assets/css/images/ui-icons_cc0000_256x240.png]
[eorrangeshop.com/html/listingGeo/assets/css/images/ui-icons_777777_256x240.png]
[eorrangeshop.com/html/listingGeo/assets/css/jquery-ui.min.css]
[eorrangeshop.com/html/listingGeo/assets/css/magnific-popup.css]
[eorrangeshop.com/html/listingGeo/assets/img/bx_loader.gif]
[eorrangeshop.com/html/listingGeo/assets/css/jquery.bxslider.css]
[eorrangeshop.com/html/listingGeo/assets/img/controls.png]
[eorrangeshop.com/html/listingGeo/images/background/5.jpg]
[eorrangeshop.com/html/listingGeo/images/background/arrow-icon.png]
[eorrangeshop.com/html/listingGeo/images/background/2.jpg]
[eorrangeshop.com/html/listingGeo/images/background/4.jpg]
[eorrangeshop.com/html/listingGeo/images/background/3.jpg]
[eorrangeshop.com/html/listingGeo/images/background/1.jpg]
[eorrangeshop.com/html/listingGeo/images/markerholder.png]
[eorrangeshop.com/html/listingGeo/images/misc/8.png]
[eorrangeshop.com/html/listingGeo/css/style.css]
[eorrangeshop.com/html/listingGeo/css/responsive.css]
[eorrangeshop.com/html/listingGeo/assets/css/owl.carousel.css]
[eorrangeshop.com/html/listingGeo/assets/css/owl.theme.css]
[eorrangeshop.com/html/listingGeo/index.html]
[eorrangeshop.com/html/listingGeo/assets/js/owl.carousel.min.js]
[eorrangeshop.com/html/listingGeo/assets/js/isotope.pkgd.js]
[eorrangeshop.com/html/listingGeo/login.html]
[eorrangeshop.com/html/listingGeo/assets/js/gmap3.min.js]
[eorrangeshop.com/html/listingGeo/add-listing.html]
[eorrangeshop.com/html/listingGeo/home-one.html]
[eorrangeshop.com/html/listingGeo/images/logo-two.png]
[eorrangeshop.com/html/listingGeo/images/post/12.jpg]
[eorrangeshop.com/html/listingGeo/images/post/13.jpg]
[eorrangeshop.com/html/listingGeo/assets/js/infobox.js]
[eorrangeshop.com/html/listingGeo/assets/js/markerclusterer.js]
[eorrangeshop.com/html/listingGeo/js/mapdata.json]
[eorrangeshop.com/html/listingGeo/js/map.js]
[eorrangeshop.com/html/listingGeo/listing-map-left.html]
[eorrangeshop.com/html/listingGeo/listing-map-right.html]
[eorrangeshop.com/html/listingGeo/listing-map-full.html]
[eorrangeshop.com/html/listingGeo/images/post/author/4.jpg]
[eorrangeshop.com/html/listingGeo/images/post/19.jpg]
[eorrangeshop.com/html/listingGeo/images/post/author/5.jpg]
[eorrangeshop.com/html/listingGeo/images/post/review/large/1.jpg]
[eorrangeshop.com/html/listingGeo/images/post/review/1.jpg]
[eorrangeshop.com/html/listingGeo/images/post/review/large/2.jpg]
[eorrangeshop.com/html/listingGeo/images/post/review/2.jpg]
[eorrangeshop.com/html/listingGeo/images/post/review/large/3.jpg]
[eorrangeshop.com/html/listingGeo/images/post/review/3.jpg]
[eorrangeshop.com/html/listingGeo/images/post/review/large/4.jpg]
[eorrangeshop.com/html/listingGeo/images/post/review/4.jpg]
[eorrangeshop.com/html/listingGeo/images/post/review/large/5.jpg]
[eorrangeshop.com/html/listingGeo/single-listing.html]
[eorrangeshop.com/html/listingGeo/favorite-listing.html]
[eorrangeshop.com/html/listingGeo/single.html]
[eorrangeshop.com/html/listingGeo/about.html]
[eorrangeshop.com/html/listingGeo/working-process.html]
[eorrangeshop.com/html/listingGeo/packages.html]
[eorrangeshop.com/html/listingGeo/gallery.html]
[eorrangeshop.com/html/listingGeo/contact.html]
[eorrangeshop.com/html/listingGeo/404.html]
[eorrangeshop.com/html/listingGeo/dshboard.html]
[eorrangeshop.com/html/listingGeo/dashboard.html]
[eorrangeshop.com/html/listingGeo/dashboard-all-listing.html]
[eorrangeshop.com/html/listingGeo/dashboard-new-listing.html]
[eorrangeshop.com/html/listingGeo/dashboard-active-listing.html]
[eorrangeshop.com/html/listingGeo/dashboard-expired-listing.html]
[eorrangeshop.com/html/listingGeo/dashboard-favorites-listing.html]
[eorrangeshop.com/html/listingGeo/dashboard-all-review.html]
[eorrangeshop.com/html/listingGeo/dashboard-my-review.html]
[eorrangeshop.com/html/listingGeo/dashboard-all-message.html]
[eorrangeshop.com/html/listingGeo/dashboard-unread-message.html]
[eorrangeshop.com/html/listingGeo/dashboard-checkout.html]
[eorrangeshop.com/html/listingGeo/dashboard-package-plan.html]
[eorrangeshop.com/html/listingGeo/dashboard-invoices.html]
[eorrangeshop.com/html/listingGeo/dashboard-add-campaign.html]
[eorrangeshop.com/html/listingGeo/dashboard-claim-refund.html]
[eorrangeshop.com/html/listingGeo/dashboard-settings.html]
[eorrangeshop.com/html/listingGeo/dashboard-profile.html]
[eorrangeshop.com/html/listingGeo/assets/fonts/themify9f24.svg]
[eorrangeshop.com/html/listingGeo/assets/fonts/Simple-Line-Iconsb26c.svg]
[eorrangeshop.com/html/listingGeo/assets/fonts/fontawesome-webfont93e3.svg]
[eorrangeshop.com/html/listingGeo/assets/css/images/ui-icons_444444_256x240.html]
[eorrangeshop.com/html/listingGeo/assets/css/images/ui-icons_555555_256x240.html]
[eorrangeshop.com/html/listingGeo/assets/css/images/ui-icons_ffffff_256x240.html]
[eorrangeshop.com/html/listingGeo/assets/css/images/ui-icons_777620_256x240.html]
[eorrangeshop.com/html/listingGeo/assets/css/images/ui-icons_cc0000_256x240.html]
[eorrangeshop.com/html/listingGeo/assets/css/images/ui-icons_777777_256x240.html]
[eorrangeshop.com/html/listingGeo/assets/css/owl.carousel.html]
[eorrangeshop.com/html/listingGeo/assets/css/owl.theme.html]
[eorrangeshop.com/html/listingGeo/index.html]
[eorrangeshop.com/html/listingGeo/assets/js/owl.carousel.min.html]
[eorrangeshop.com/html/listingGeo/assets/js/isotope.pkgd.html]
[eorrangeshop.com/html/listingGeo/images/post/5.jpg]
[eorrangeshop.com/html/listingGeo/images/post/14.jpg]
[eorrangeshop.com/html/listingGeo/images/background/1.jpg]
[eorrangeshop.com/html/listingGeo/images/post/review/5.jpg]
[eorrangeshop.com/html/listingGeo/images/post/review/large/6.jpg]
[eorrangeshop.com/html/listingGeo/images/post/review/6.jpg]
[eorrangeshop.com/html/listingGeo/images/post/review/large/7.jpg]
[eorrangeshop.com/html/listingGeo/images/post/review/7.jpg]
[eorrangeshop.com/html/listingGeo/images/post/review/large/8.jpg]
[eorrangeshop.com/html/listingGeo/images/post/review/8.jpg]
[eorrangeshop.com/html/listingGeo/images/misc/ad.jpg]
[eorrangeshop.com/html/listingGeo/images/post/17.jpg]
[eorrangeshop.com/html/listingGeo/images/post/16.jpg]
[eorrangeshop.com/html/listingGeo/images/post/18.jpg]
[eorrangeshop.com/html/listingGeo/images/post/author/7.jpg]
[eorrangeshop.com/html/listingGeo/images/post/author/6.jpg]
[eorrangeshop.com/html/listingGeo/images/misc/4.jpg]
[eorrangeshop.com/html/listingGeo/images/team/1.jpg]
[eorrangeshop.com/html/listingGeo/images/team/2.jpg]
[eorrangeshop.com/html/listingGeo/images/team/3.jpg]
[eorrangeshop.com/html/listingGeo/images/team/4.jpg]
[eorrangeshop.com/html/listingGeo/images/post/15.jpg]
[eorrangeshop.com/html/listingGeo/images/misc/1.png]
[eorrangeshop.com/html/listingGeo/images/misc/2.png]
[eorrangeshop.com/html/listingGeo/images/misc/3.png]
[eorrangeshop.com/html/listingGeo/images/gallery/1.jpg]
[eorrangeshop.com/html/listingGeo/images/gallery/2.jpg]
[eorrangeshop.com/html/listingGeo/images/gallery/3.jpg]
[eorrangeshop.com/html/listingGeo/images/gallery/4.jpg]
[eorrangeshop.com/html/listingGeo/images/gallery/5.jpg]
[eorrangeshop.com/html/listingGeo/images/gallery/6.jpg]
[eorrangeshop.com/html/listingGeo/images/gallery/7.jpg]
[eorrangeshop.com/html/listingGeo/images/misc/404.png]
[eorrangeshop.com/html/listingGeo/assets/css/lobipanel.min.css]
[eorrangeshop.com/html/listingGeo/images/misc/9.jpg]
[eorrangeshop.com/html/listingGeo/images/post/author/8.jpg]
[eorrangeshop.com/html/listingGeo/images/post/author/9.jpg]
[eorrangeshop.com/html/listingGeo/images/post/author/10.jpg]
[eorrangeshop.com/html/listingGeo/images/post/author/11.jpg]
[eorrangeshop.com/html/listingGeo/images/post/author/12.jpg]
[eorrangeshop.com/html/listingGeo/images/post/author/13.jpg]
[eorrangeshop.com/html/listingGeo/images/post/author/14.jpg]
[eorrangeshop.com/html/listingGeo/images/post/author/15.jpg]
[eorrangeshop.com/html/listingGeo/images/post/author/16.jpg]
[eorrangeshop.com/html/listingGeo/images/post/author/17.jpg]
[eorrangeshop.com/html/listingGeo/images/misc/cart-image.jpg]
[eorrangeshop.com/html/listingGeo/images/misc/demo-user.png]
[eorrangeshop.com/html/listingGeo/landing/assets/bootstrap.min.css]
[eorrangeshop.com/html/listingGeo/landing/style.css]
[eorrangeshop.com/html/listingGeo/landing/img/demo/home-1.png]
[eorrangeshop.com/html/listingGeo/landing/img/demo/home-2.png]
[eorrangeshop.com/html/listingGeo/landing/img/demo/dashboard.png]
[eorrangeshop.com/html/listingGeo/admin/index.html]
[eorrangeshop.com/html/listingGeo/landing/img/demo/admin.png]
[eorrangeshop.com/html/listingGeo/landing/assets/jquery.min.js]
[eorrangeshop.com/html/listingGeo/landing/assets/bootstrap.min.js]
